{
  "POIs": [
    {
      "fit": [
        -1.0,
        -0.14077681303024292,
        1.5
      ],
      "name": "r"
    }
  ],
  "method": "default",
  "params": [
    {
      "fit": [
        0.3911595642566681,
        0.3911595642566681,
        0.3911595642566681
      ],
      "groups": [],
      "impact_r": 0.00029380619525909424,
      "name": "env_pdf_0_13TeV_bern3_p0",
      "prefit": [
        0.3911595693910028,
        0.3911595693910028,
        0.3911595693910028
      ],
      "r": [
        -0.14107061922550201,
        -0.14077681303024292,
        -0.14107061922550201
      ],
      "type": "Unconstrained"
    },
    {
      "fit": [
        1.082642674446106,
        1.082642674446106,
        1.082642674446106
      ],
      "groups": [],
      "impact_r": 0.00029380619525909424,
      "name": "env_pdf_0_13TeV_bern3_p1",
      "prefit": [
        1.0826426342793427,
        1.0826426342793427,
        1.0826426342793427
      ],
      "r": [
        -0.14107061922550201,
        -0.14077681303024292,
        -0.14107061922550201
      ],
      "type": "Unconstrained"
    },
    {
      "fit": [
        0.887600839138031,
        0.887600839138031,
        0.887600839138031
      ],
      "groups": [],
      "impact_r": 0.00029380619525909424,
      "name": "env_pdf_0_13TeV_bern3_p2",
      "prefit": [
        0.8876008302388332,
        0.8876008302388332,
        0.8876008302388332
      ],
      "r": [
        -0.14107061922550201,
        -0.14077681303024292,
        -0.14107061922550201
      ],
      "type": "Unconstrained"
    },
    {
      "fit": [
        1.1119296550750732,
        1.1119296550750732,
        1.1119296550750732
      ],
      "groups": [],
      "impact_r": 0.00029380619525909424,
      "name": "env_pdf_0_13TeV_exp5_cp1_exp5",
      "prefit": [
        1.1119296239981225,
        1.1119296239981225,
        1.1119296239981225
      ],
      "r": [
        -0.14107061922550201,
        -0.14077681303024292,
        -0.14107061922550201
      ],
      "type": "Unconstrained"
    },
    {
      "fit": [
        0.20050303637981415,
        0.20050303637981415,
        0.20050303637981415
      ],
      "groups": [],
      "impact_r": 0.00029380619525909424,
      "name": "env_pdf_0_13TeV_exp5_cp3_exp5",
      "prefit": [
        0.20050303479830234,
        0.20050303479830234,
        0.20050303479830234
      ],
      "r": [
        -0.14107061922550201,
        -0.14077681303024292,
        -0.14107061922550201
      ],
      "type": "Unconstrained"
    },
    {
      "fit": [
        -0.26825445890426636,
        -0.26825445890426636,
        -0.26825445890426636
      ],
      "groups": [],
      "impact_r": 0.00029380619525909424,
      "name": "env_pdf_0_13TeV_exp5_cp5_exp5",
      "prefit": [
        -0.2682544443859882,
        -0.2682544443859882,
        -0.2682544443859882
      ],
      "r": [
        -0.14107061922550201,
        -0.14077681303024292,
        -0.14107061922550201
      ],
      "type": "Unconstrained"
    },
    {
      "fit": [
        -0.0590093620121479,
        -0.0590093620121479,
        -0.0590093620121479
      ],
      "groups": [],
      "impact_r": 0.00029380619525909424,
      "name": "env_pdf_0_13TeV_exp5_p1_exp5",
      "prefit": [
        -0.05900936024696313,
        -0.05900936024696313,
        -0.05900936024696313
      ],
      "r": [
        -0.14107061922550201,
        -0.14077681303024292,
        -0.14107061922550201
      ],
      "type": "Unconstrained"
    },
    {
      "fit": [
        -0.019806617870926857,
        -0.019806617870926857,
        -0.019806617870926857
      ],
      "groups": [],
      "impact_r": 0.00029380619525909424,
      "name": "env_pdf_0_13TeV_exp5_p3_exp5",
      "prefit": [
        -0.01980661751881091,
        -0.01980661751881091,
        -0.01980661751881091
      ],
      "r": [
        -0.14107061922550201,
        -0.14077681303024292,
        -0.14107061922550201
      ],
      "type": "Unconstrained"
    },
    {
      "fit": [
        -0.022041672840714455,
        -0.022041672840714455,
        -0.022041672840714455
      ],
      "groups": [],
      "impact_r": 0.00029380619525909424,
      "name": "env_pdf_0_13TeV_exp5_p5_exp5",
      "prefit": [
        -0.022041673270504214,
        -0.022041673270504214,
        -0.022041673270504214
      ],
      "r": [
        -0.14107061922550201,
        -0.14077681303024292,
        -0.14107061922550201
      ],
      "type": "Unconstrained"
    },
    {
      "fit": [
        -1.2764344215393066,
        -1.276435136795044,
        -1.2754487991333008
      ],
      "groups": [],
      "impact_r": 0.05525857210159302,
      "name": "env_pdf_0_13TeV_lau3_cp1_lau3",
      "prefit": [
        -1.2767085185923577,
        -1.2767085185923577,
        -1.2767085185923577
      ],
      "r": [
        -0.14422185719013214,
        -0.14077681303024292,
        -0.19603538513183594
      ],
      "type": "Unconstrained"
    },
    {
      "fit": [
        72.78765869140625,
        72.78756713867188,
        72.89271545410156
      ],
      "groups": [],
      "impact_r": 0.007892057299613953,
      "name": "env_pdf_0_13TeV_lau3_cp2_lau3",
      "prefit": [
        72.81721052079848,
        72.81721052079848,
        72.81721052079848
      ],
      "r": [
        -0.14111609756946564,
        -0.14077681303024292,
        -0.14866887032985687
      ],
      "type": "Unconstrained"
    },
    {
      "fit": [
        0.005810266826301813,
        0.005810265429317951,
        0.005820327904075384
      ],
      "groups": [],
      "impact_r": 0.01453535258769989,
      "name": "env_pdf_0_13TeV_lau3_cp3_lau3",
      "prefit": [
        0.005801802138137191,
        0.005801802138137191,
        0.005801802138137191
      ],
      "r": [
        -0.14583207666873932,
        -0.14077681303024292,
        -0.1553121656179428
      ],
      "type": "Unconstrained"
    },
    {
      "fit": [
        -99.9964828491211,
        -9.991886138916016,
        -9.518128395080566
      ],
      "groups": [],
      "impact_r": 0.03598194569349289,
      "name": "env_pdf_0_13TeV_lau3_cp4_lau3",
      "prefit": [
        -2.0075569227260672,
        -2.0075569227260672,
        -2.0075569227260672
      ],
      "r": [
        -0.10479486733675003,
        -0.14077681303024292,
        -0.1498504877090454
      ],
      "type": "Unconstrained"
    },
    {
      "fit": [
        8.122414669742284e-07,
        8.122414669742284e-07,
        8.122414669742284e-07
      ],
      "groups": [],
      "impact_r": 0.00029380619525909424,
      "name": "env_pdf_0_13TeV_pow5_cp1_pow5",
      "prefit": [
        8.1224146608605e-07,
        8.1224146608605e-07,
        8.1224146608605e-07
      ],
      "r": [
        -0.14107061922550201,
        -0.14077681303024292,
        -0.14107061922550201
      ],
      "type": "Unconstrained"
    },
    {
      "fit": [
        5.864973545074463,
        5.864973545074463,
        5.864973545074463
      ],
      "groups": [],
      "impact_r": 0.00029380619525909424,
      "name": "env_pdf_0_13TeV_pow5_cp3_pow5",
      "prefit": [
        5.864973750541232,
        5.864973750541232,
        5.864973750541232
      ],
      "r": [
        -0.14107061922550201,
        -0.14077681303024292,
        -0.14107061922550201
      ],
      "type": "Unconstrained"
    },
    {
      "fit": [
        -0.6672601699829102,
        -0.6672601699829102,
        -0.6672601699829102
      ],
      "groups": [],
      "impact_r": 0.00029380619525909424,
      "name": "env_pdf_0_13TeV_pow5_cp5_pow5",
      "prefit": [
        -0.6672601453012028,
        -0.6672601453012028,
        -0.6672601453012028
      ],
      "r": [
        -0.14107061922550201,
        -0.14077681303024292,
        -0.14107061922550201
      ],
      "type": "Unconstrained"
    },
    {
      "fit": [
        -2.004150629043579,
        -2.004150629043579,
        -2.004150629043579
      ],
      "groups": [],
      "impact_r": 0.00029380619525909424,
      "name": "env_pdf_0_13TeV_pow5_p1_pow5",
      "prefit": [
        -2.0041505115622114,
        -2.0041505115622114,
        -2.0041505115622114
      ],
      "r": [
        -0.14107061922550201,
        -0.14077681303024292,
        -0.14107061922550201
      ],
      "type": "Unconstrained"
    },
    {
      "fit": [
        -5.022461891174316,
        -5.022461891174316,
        -5.022461891174316
      ],
      "groups": [],
      "impact_r": 0.00029380619525909424,
      "name": "env_pdf_0_13TeV_pow5_p3_pow5",
      "prefit": [
        -5.022461711445481,
        -5.022461711445481,
        -5.022461711445481
      ],
      "r": [
        -0.14107061922550201,
        -0.14077681303024292,
        -0.14107061922550201
      ],
      "type": "Unconstrained"
    },
    {
      "fit": [
        -4.52671480178833,
        -4.52671480178833,
        -4.52671480178833
      ],
      "groups": [],
      "impact_r": 0.00029380619525909424,
      "name": "env_pdf_0_13TeV_pow5_p5_pow5",
      "prefit": [
        -4.526714907554795,
        -4.526714907554795,
        -4.526714907554795
      ],
      "r": [
        -0.14107061922550201,
        -0.14077681303024292,
        -0.14107061922550201
      ],
      "type": "Unconstrained"
    },
    {
      "fit": [
        -1.000001072883606,
        1.8950739104184322e-05,
        0.9999997615814209
      ],
      "groups": [],
      "impact_r": 0.004507437348365784,
      "name": "lumi_13TeV_Uncorrelated_17",
      "prefit": [
        -0.9999999999999999,
        0.0,
        0.9999999999999999
      ],
      "r": [
        -0.14528337121009827,
        -0.14077593386173248,
        -0.13793574273586273
      ],
      "type": "Gaussian"
    },
    {
      "fit": [
        5291.3583984375,
        5368.91650390625,
        5445.4443359375
      ],
      "groups": [],
      "impact_r": 1.6407739520072937,
      "name": "shapeBkg_bkg_mass_cat0__norm",
      "prefit": [
        5365.0,
        5365.0,
        5365.0
      ],
      "r": [
        1.4999971389770508,
        -0.14077681303024292,
        -1.0
      ],
      "type": "Unconstrained"
    }
  ]
}